0 verbose cli /home/mangi/.nvm/versions/node/v24.15.0/bin/node /home/mangi/.nvm/versions/node/v24.15.0/lib/node_modules/npm/bin/npm-cli.js
1 info using npm@11.12.1
2 info using node@v24.15.0
3 silly config load:file:/home/mangi/.nvm/versions/node/v24.15.0/lib/node_modules/npm/npmrc
4 silly config load:file:/media/mangi/hdd/AI_Agent_lecture/codematch-ai/.npmrc
5 silly config load:file:/home/mangi/.npmrc
6 silly config load:file:/home/mangi/.npm-global/etc/npmrc
7 verbose title npm exec prisma generate --schema=prisma/schema.prisma
8 verbose argv "exec" "--" "prisma" "generate" "--schema=prisma/schema.prisma"
9 verbose logfile logs-max:10 dir:/media/mangi/hdd/AI_Agent_lecture/codematch-ai/.tmp-npm-cache/_logs/2026-05-22T23_57_08_086Z-
10 verbose logfile /media/mangi/hdd/AI_Agent_lecture/codematch-ai/.tmp-npm-cache/_logs/2026-05-22T23_57_08_086Z-debug-0.log
11 silly logfile done cleaning log files
12 http fetch GET 200 https://registry.npmjs.org/npm 221ms
13 verbose cwd /media/mangi/hdd/AI_Agent_lecture/codematch-ai
14 verbose os Linux 6.17.0-29-generic
15 verbose node v24.15.0
16 verbose npm  v11.12.1
17 notice
17 notice New minor version of npm available! 11.12.1 -> 11.15.0
17 notice Changelog: https://github.com/npm/cli/releases/tag/v11.15.0
17 notice To update run: npm install -g npm@11.15.0
17 notice  { force: true, Symbol(proc-log.meta): true }
18 verbose exit 0
19 info ok
